<html>
<body>
<pre>
<h1>µVision Build Log</h1>
<h2>Tool Versions:</h2>
IDE-Version: µVision V5.16.0.0
Copyright (C) 2015 ARM Ltd and ARM Germany GmbH. All rights reserved.
License Information: Engineering Workstations UIUC Flex license: MDK-ARM Professional: 100 user(s) (mdk_pro) Operation stops: 30 Nov 2016
 
Tool Versions:
Toolchain:       MDK-ARM Professional: 100 user(s)  Version: 5.16.0.0
Toolchain Path:  C:\Keil_v5\ARM\ARMCC\Bin
C Compiler:      Armcc.exe V5.06 (build 20)
Assembler:       Armasm.exe V5.06 (build 20)
Linker/Locator:  ArmLink.exe V5.06 (build 20)
Library Manager: ArmAr.exe V5.06 (build 20)
Hex Converter:   FromElf.exe V5.06 (build 20)
CPU DLL:         SARMCM3.DLL V5.16.0.0
Dialog DLL:      DARMP1.DLL V1.25.0.0
Target DLL:      UL2CM3.DLL V1.155.12.0
Dialog DLL:      TARMP1.DLL V1.24.0.0
 
<h2>Project:</h2>
\\ad.uillinois.edu\engr\instructional\chuan102\Desktop\ece_395\trunk\serial\serial.uvproj
Project File Date:  02/20/2016

<h2>Output:</h2>
*** Using Compiler 'V5.06 (build 20)', folder: 'C:\Keil_v5\ARM\ARMCC\Bin'
Rebuild target 'serial'
assembling startup_LPC11xx.s...
compiling system_LPC11xx.c...
compiling main.c...
i2c.h(37): warning:  #1295-D: Deprecated declaration i2c_Init - give arg types
  extern void i2c_Init();
i2c.h(93): warning:  #1295-D: Deprecated declaration i2c_end - give arg types
  extern void i2c_end();
6050.h(30): warning:  #1295-D: Deprecated declaration mpu_6050_Init - give arg types
  extern void mpu_6050_Init();
spi.h(6): warning:  #1295-D: Deprecated declaration spi_init - give arg types
  extern void spi_init();
spi.h(12): warning:  #1295-D: Deprecated declaration spi_enable - give arg types
  extern void spi_enable();
spi.h(13): warning:  #1295-D: Deprecated declaration spi_loopbackNormal - give arg types
  extern void spi_loopbackNormal();
spi.h(14): warning:  #1295-D: Deprecated declaration spi_read - give arg types
  extern uint16_t spi_read();
spi.h(17): warning:  #1295-D: Deprecated declaration spi_waitTillSent - give arg types
  extern void spi_waitTillSent();
main.c(120): warning:  #128-D: loop is not reachable
  		while(1){                              //infinite loop
main.c(54): warning:  #177-D: variable "j" was declared but never referenced
  	int j = 0, k;
main.c: 10 warnings, 0 errors
compiling Serial.c...
compiling Retarget.c...
compiling i2c.c...
i2c.h(37): warning:  #1295-D: Deprecated declaration i2c_Init - give arg types
  extern void i2c_Init();
i2c.h(93): warning:  #1295-D: Deprecated declaration i2c_end - give arg types
  extern void i2c_end();
i2c.c(139): warning:  #177-D: variable "status" was declared but never referenced
  	uint32_t status;
i2c.c: 3 warnings, 0 errors
compiling 6050.c...
i2c.h(37): warning:  #1295-D: Deprecated declaration i2c_Init - give arg types
  extern void i2c_Init();
i2c.h(93): warning:  #1295-D: Deprecated declaration i2c_end - give arg types
  extern void i2c_end();
6050.h(30): warning:  #1295-D: Deprecated declaration mpu_6050_Init - give arg types
  extern void mpu_6050_Init();
linking...
Program Size: Code=3344 RO-data=320 RW-data=40 ZI-data=608  
".\serial.axf" - 0 Error(s), 16 Warning(s).
Build Time Elapsed:  00:00:03
</pre>
</body>
</html>
